
> n8ndoc_br@1.0.0 build
> docusaurus build


[ERROR] Error: Docusaurus could not load module at path "F:\n8nbrasil\n8n-Doc-PT-BR\docusaurus.config.ts"
Cause: ParseError: F:\: Unexpected token  
 F:\n8nbrasil\n8n-Doc-PT-BR\docusaurus.config.ts:94:16
    at loadFreshModule (F:\n8nbrasil\n8n-Doc-PT-BR\node_modules\@docusaurus\utils\lib\moduleUtils.js:36:15)
    at loadSiteConfig (F:\n8nbrasil\n8n-Doc-PT-BR\node_modules\@docusaurus\core\lib\server\config.js:36:62)
    ... 6 lines matching cause stack trace ...
    at async file:///F:/n8nbrasil/n8n-Doc-PT-BR/node_modules/@docusaurus/core/bin/docusaurus.mjs:44:3 {
  [cause]: Error: ParseError: F:\: Unexpected token  
   F:\n8nbrasil\n8n-Doc-PT-BR\docusaurus.config.ts:94:16
      at loadFreshModule (F:\n8nbrasil\n8n-Doc-PT-BR\node_modules\@docusaurus\utils\lib\moduleUtils.js:33:16)
      at loadSiteConfig (F:\n8nbrasil\n8n-Doc-PT-BR\node_modules\@docusaurus\core\lib\server\config.js:36:62)
      at async Promise.all (index 1)
      at async loadContext (F:\n8nbrasil\n8n-Doc-PT-BR\node_modules\@docusaurus\core\lib\server\site.js:39:97)
      at async getLocalesToBuild (F:\n8nbrasil\n8n-Doc-PT-BR\node_modules\@docusaurus\core\lib\commands\build\build.js:55:21)
      at async Command.build (F:\n8nbrasil\n8n-Doc-PT-BR\node_modules\@docusaurus\core\lib\commands\build\build.js:29:21)
      at async Promise.all (index 0)
      at async runCLI (F:\n8nbrasil\n8n-Doc-PT-BR\node_modules\@docusaurus\core\lib\commands\cli.js:56:5)
      at async file:///F:/n8nbrasil/n8n-Doc-PT-BR/node_modules/@docusaurus/core/bin/docusaurus.mjs:44:3
}
[INFO] Docusaurus version: 3.8.1
Node version: v22.17.0
